SELECT mol_amw('c1ccccc1'::mol) mol_amw;
 mol_amw 
---------
  78.114
(1 row)

SELECT mol_logp('c1ccccc1'::mol) mol_logp;
 mol_logp 
----------
   1.6866
(1 row)

SELECT mol_hba('c1ccccc1'::mol) mol_hba;
 mol_hba 
---------
       0
(1 row)

SELECT mol_hbd('c1ccccc1'::mol) mol_hbd;
 mol_hbd 
---------
       0
(1 row)

SELECT mol_hba('c1ccncc1'::mol) mol_hba;
 mol_hba 
---------
       1
(1 row)

SELECT mol_hbd('c1ccncc1'::mol) mol_hbd;
 mol_hbd 
---------
       0
(1 row)

SELECT mol_hbd('c1ccncc1O'::mol) mol_hbd;
 mol_hbd 
---------
       1
(1 row)

SELECT mol_hba('c1ccncc1O'::mol) mol_hba;
 mol_hba 
---------
       2
(1 row)

SELECT mol_logp('c1ccncc1O'::mol) mol_logp;
 mol_logp 
----------
   0.7872
(1 row)

SELECT mol_numrotatablebonds('CCC'::mol) mol_numrotatablebonds;
 mol_numrotatablebonds 
-----------------------
                     0
(1 row)

SELECT mol_numrotatablebonds('CCCC'::mol) mol_numrotatablebonds;
 mol_numrotatablebonds 
-----------------------
                     1
(1 row)

SELECT mol_numrotatablebonds('c1ccccc1c1ccc(CCC)cc1'::mol) mol_numrotatablebonds;
 mol_numrotatablebonds 
-----------------------
                     3
(1 row)

SELECT mol_numheavyatoms('CCC'::mol) val;
 val 
-----
   3
(1 row)

SELECT mol_numatoms('CCC'::mol) val;
 val 
-----
  11
(1 row)

SELECT mol_numheteroatoms('CCC'::mol) val;
 val 
-----
   0
(1 row)

SELECT mol_numheteroatoms('CCO'::mol) val;
 val 
-----
   1
(1 row)

SELECT mol_tpsa('CCC'::mol) val;
 val 
-----
   0
(1 row)

SELECT mol_tpsa('CCO'::mol) val;
  val  
-------
 20.23
(1 row)

SELECT mol_numrings('CCC'::mol) val;
 val 
-----
   0
(1 row)

SELECT mol_numrings('C1CC1'::mol) val;
 val 
-----
   1
(1 row)

SELECT mol_murckoscaffold('c1ccccc1CCC'::mol) val;
   val    
----------
 c1ccccc1
(1 row)

