--
-- first, define the datatype.  Turn off echoing so that expected file
-- does not depend on contents of rdkit.sql.
--
SET client_min_messages = warning;
\set ECHO none
RESET client_min_messages;
SELECT is_valid_smiles('c1ccccc1');
 is_valid_smiles 
-----------------
 t
(1 row)

SELECT mol_from_smiles('c1ccccc1');
 mol_from_smiles 
-----------------
 c1ccccc1
(1 row)

SELECT is_valid_smiles('c1ccccc');
 is_valid_smiles 
-----------------
 f
(1 row)

SELECT mol_from_smiles('c1ccccc');
WARNING:  could not create molecule from SMILES 'c1ccccc'
 mol_from_smiles 
-----------------
 
(1 row)

SELECT mol_from_smiles('cccccc');
WARNING:  could not create molecule from SMILES 'cccccc'
 mol_from_smiles 
-----------------
 
(1 row)

SELECT is_valid_smiles('c1cccn1');
 is_valid_smiles 
-----------------
 f
(1 row)

SELECT is_valid_smarts('c1ccc[n,c]1');
 is_valid_smarts 
-----------------
 t
(1 row)

SELECT mol_from_smarts('c1ccc[n,c]1');
 mol_from_smarts 
-----------------
 c1ccnc1
(1 row)

SELECT is_valid_smarts('c1ccc');
 is_valid_smarts 
-----------------
 f
(1 row)

SELECT mol_from_smarts('c1ccc');
WARNING:  could not create molecule from SMILES 'c1ccc'
 mol_from_smarts 
-----------------
 
(1 row)

CREATE TABLE pgmol (id int, m mol);
\copy pgmol from 'data/data'
CREATE UNIQUE INDEX mol_ididx ON pgmol (id);
SELECT count(*) FROM pgmol;
 count 
-------
  1000
(1 row)

SELECT count(*) FROM pgmol WHERE m @> 'c1ccccc1';
 count 
-------
   901
(1 row)

SELECT count(*) FROM pgmol WHERE m @> 'c1cccnc1';
 count 
-------
   245
(1 row)

SELECT count(*) FROM pgmol WHERE 'c1ccccc1' <@ m;
 count 
-------
   901
(1 row)

SELECT count(*) FROM pgmol WHERE 'c1cccnc1' <@ m;
 count 
-------
   245
(1 row)

SELECT count(*) FROM pgmol WHERE m @> mol_from_smarts('c1ccccc1');
 count 
-------
   901
(1 row)

SELECT count(*) FROM pgmol WHERE m @> mol_from_smarts('c1cccnc1');
 count 
-------
   245
(1 row)

SELECT count(*) FROM pgmol WHERE m @> mol_from_smarts('c1ccc[n,c]c1');
 count 
-------
   939
(1 row)

SELECT count(*) FROM pgmol WHERE mol_from_smarts('c1ccccc1') <@ m;
 count 
-------
   901
(1 row)

SELECT count(*) FROM pgmol WHERE mol_from_smarts('c1ccc[n,c]c1') <@ m;
 count 
-------
   939
(1 row)

SELECT id, rdkit_fp(m) AS f INTO pgbfp FROM pgmol;
CREATE UNIQUE INDEX bfp_ididx ON pgbfp (id);
SELECT id, morgan_fp(m,1) AS f INTO pgsfp FROM pgmol;
CREATE UNIQUE INDEX sfp_ididx ON pgsfp (id);
SELECT id, torsion_fp(m) AS f INTO pgtorsfp FROM pgmol;
SELECT id, atompair_fp(m) AS f INTO pgpairfp FROM pgmol;
set rdkit.tanimoto_threshold=0.5;
set rdkit.dice_threshold=0.5;
SELECT 
	id, 
	tanimoto_sml(rdkit_fp('C1C(OC2=CC(=CC(=C2C1=O)O)O)'::mol), f) 
FROM
	 (SELECT * FROM pgbfp ORDER BY id) AS t 
WHERE rdkit_fp('C1C(OC2=CC(=CC(=C2C1=O)O)O)'::mol) % f  
LIMIT 10;
    id    |   tanimoto_sml    
----------+-------------------
  1959267 | 0.514102564102564
  5770966 | 0.502941176470588
 15945163 | 0.503937007874016
 24747640 | 0.530477759472817
(4 rows)

SELECT 
	id, 
	dice_sml(rdkit_fp('C1C(OC2=CC(=CC(=C2C1=O)O)O)'::mol), f) 
FROM
	 (SELECT * FROM pgbfp ORDER BY id) AS t 
WHERE rdkit_fp('C1C(OC2=CC(=CC(=C2C1=O)O)O)'::mol) % f  
LIMIT 10;
    id    |     dice_sml      
----------+-------------------
  1959267 | 0.679085520745131
  5770966 | 0.669275929549902
 15945163 | 0.670157068062827
 24747640 | 0.693218514531755
(4 rows)

SELECT 
	id, 
	tanimoto_sml(rdkit_fp('C1C(OC2=CC(=CC(=C2C1=O)O)O)'::mol), f) 
FROM
	 (SELECT * FROM pgbfp ORDER BY id) AS t 
WHERE rdkit_fp('C1C(OC2=CC(=CC(=C2C1=O)O)O)'::mol) # f  
LIMIT 10;
   id   |   tanimoto_sml    
--------+-------------------
  42640 | 0.364396654719235
  63248 | 0.337209302325581
  66722 | 0.358714043993232
 230488 | 0.391644908616188
 233331 | 0.403823178016726
 265605 | 0.383078730904818
 265940 | 0.415402567094516
 272367 | 0.335570469798658
 272568 | 0.352941176470588
 289688 | 0.357142857142857
(10 rows)

SELECT 
	id, 
	dice_sml(rdkit_fp('C1C(OC2=CC(=CC(=C2C1=O)O)O)'::mol), f),
	size(f)
FROM
	 (SELECT * FROM pgbfp ORDER BY id) AS t 
WHERE rdkit_fp('C1C(OC2=CC(=CC(=C2C1=O)O)O)'::mol) # f  
LIMIT 10;
   id   |     dice_sml      | size 
--------+-------------------+------
  42640 |  0.53415061295972 | 1024
  63248 | 0.504347826086956 | 1024
  66722 | 0.528019925280199 | 1024
 230488 | 0.562851782363977 | 1024
 233331 |  0.57531914893617 | 1024
 265605 | 0.553950722175021 | 1024
 265940 | 0.586974443528442 | 1024
 272367 |  0.50251256281407 | 1024
 272568 | 0.521739130434783 | 1024
 289688 | 0.526315789473684 | 1024
(10 rows)

set rdkit.tanimoto_threshold=0.4;
SELECT 
	id, 
	tanimoto_sml(morgan_fp('C1C(OC2=CC(=CC(=C2C1=O)))'::mol, 1), f) 
FROM
	 (SELECT * FROM pgsfp ORDER BY id) AS t 
WHERE morgan_fp('C1C(OC2=CC(=CC(=C2C1=O)))'::mol, 1) % f  
LIMIT 10;
   id    |   tanimoto_sml    
---------+-------------------
 3761688 | 0.441860465116279
(1 row)

SELECT 
	id, 
	dice_sml(morgan_fp('C1C(OC2=CC(=CC(=C2C1=O)))'::mol, 1), f) 
FROM
	 (SELECT * FROM pgsfp ORDER BY id) AS t 
WHERE morgan_fp('C1C(OC2=CC(=CC(=C2C1=O)))'::mol, 1) % f  
LIMIT 10;
   id    |     dice_sml      
---------+-------------------
 3761688 | 0.612903225806452
(1 row)

SELECT 
	id, 
	tanimoto_sml(morgan_fp('C1C(OC2=CC(=CC(=C2C1=O)O)O)'::mol, 1), f) 
FROM
	 (SELECT * FROM pgsfp ORDER BY id) AS t 
WHERE morgan_fp('C1C(OC2=CC(=CC(=C2C1=O)O)O)'::mol, 1) # f  
LIMIT 10;
    id    |   tanimoto_sml    
----------+-------------------
   902176 | 0.347826086956522
  2952787 | 0.365853658536585
  5281628 | 0.346153846153846
 10560368 | 0.435897435897436
 16196768 |             0.375
(5 rows)

SELECT 
	id, 
	dice_sml(morgan_fp('C1C(OC2=CC(=CC(=C2C1=O)O)O)'::mol, 1), f)
FROM
	 (SELECT * FROM pgsfp ORDER BY id) AS t 
WHERE morgan_fp('C1C(OC2=CC(=CC(=C2C1=O)O)O)'::mol, 1) # f  
LIMIT 10;
    id    |     dice_sml      
----------+-------------------
   902176 | 0.516129032258065
  2952787 | 0.535714285714286
  5281628 | 0.514285714285714
 10560368 | 0.607142857142857
 16196768 | 0.545454545454545
(5 rows)

select dice_sml(morgan_fp('C1C(OC2=CC(=CC(=C2C1=O)O)O)'::mol, 1), morgan_fp('C1C(OC2=CC(=CC(=C2C1=O)O)N)'::mol, 1)) sml;
        sml        
-------------------
 0.884615384615385
(1 row)

select dice_sml(featmorgan_fp('C1C(OC2=CC(=CC(=C2C1=O)O)O)'::mol, 1), featmorgan_fp('C1C(OC2=CC(=CC(=C2C1=O)O)N)'::mol, 1)) sml;
        sml        
-------------------
 0.884615384615385
(1 row)

select dice_sml(morganbv_fp('C1C(OC2=CC(=CC(=C2C1=O)O)O)'::mol, 1), morganbv_fp('C1C(OC2=CC(=CC(=C2C1=O)O)N)'::mol, 1)) sml;
        sml        
-------------------
 0.888888888888889
(1 row)

select dice_sml(featmorganbv_fp('C1C(OC2=CC(=CC(=C2C1=O)O)O)'::mol, 1), featmorganbv_fp('C1C(OC2=CC(=CC(=C2C1=O)O)N)'::mol, 1)) sml;
        sml        
-------------------
 0.903225806451613
(1 row)

select 'Cc1ccccc1'::mol@='c1ccccc1C'::mol;
 ?column? 
----------
 t
(1 row)

select 'Cc1ccccc1'::mol@='c1ccccc1CC'::mol;
 ?column? 
----------
 f
(1 row)

select 'Cc1ccccc1'::mol@='c1cccnc1C'::mol;
 ?column? 
----------
 f
(1 row)

select subtract(torsion_fp('CCC1CCNCC1'),torsion_fp('OCC1CCNCC1'))=subtract(torsion_fp('CCC1CCOCC1'),torsion_fp('OCC1CCOCC1'));
 ?column? 
----------
 t
(1 row)

select subtract(torsion_fp('CCC1CCNCC1'),torsion_fp('OCC1CCNCC1'))=subtract(torsion_fp('CCC1CCOCC1'),torsion_fp('NCC1CCOCC1'));
 ?column? 
----------
 f
(1 row)

select add(torsion_fp('CCC1CCNCC1'),torsion_fp('OCC1CCNCC1'))=add(torsion_fp('CCC1CCOCC1'),torsion_fp('OCC1CCOCC1'));
 ?column? 
----------
 f
(1 row)

select add(torsion_fp('CCC1CCNCC1'),torsion_fp('OCC1CCNCC1'))=add(torsion_fp('CCC1CCOCC1'),torsion_fp('NCC1CCOCC1'));
 ?column? 
----------
 f
(1 row)

select add(torsion_fp('CCC1CCNCC1'),torsion_fp('OCC1CCNCC1'))=subtract(torsion_fp('CCC1CCNCC1'),torsion_fp('OCC1CCNCC1'));
 ?column? 
----------
 f
(1 row)

select add(torsion_fp('CCC1CCNCC1'),torsion_fp('OCC1CCNCC1'))=subtract(torsion_fp('CCC1CCOCC1'),torsion_fp('OCC1CCOCC1'));
 ?column? 
----------
 f
(1 row)

select is_valid_ctab('chiral1.mol
  ChemDraw04200416412D

  5  4  0  0  0  0  0  0  0  0999 V2000
   -0.0141    0.0553    0.0000 C   0  0  0  0  0  0  0  0  0  0  0  0
    0.8109    0.0553    0.0000 F   0  0  0  0  0  0  0  0  0  0  0  0
   -0.4266    0.7697    0.0000 Br  0  0  0  0  0  0  0  0  0  0  0  0
   -0.0141   -0.7697    0.0000 Cl  0  0  0  0  0  0  0  0  0  0  0  0
   -0.8109   -0.1583    0.0000 C   0  0  0  0  0  0  0  0  0  0  0  0
  1  2  1  0      
  1  3  1  0      
  1  4  1  1      
  1  5  1  0      
M  END');
 is_valid_ctab 
---------------
 t
(1 row)

select is_valid_ctab('invalid');
 is_valid_ctab 
---------------
 f
(1 row)

select mol_from_ctab('chiral1.mol
  ChemDraw04200416412D

  5  4  0  0  0  0  0  0  0  0999 V2000
   -0.0141    0.0553    0.0000 C   0  0  0  0  0  0  0  0  0  0  0  0
    0.8109    0.0553    0.0000 F   0  0  0  0  0  0  0  0  0  0  0  0
   -0.4266    0.7697    0.0000 Br  0  0  0  0  0  0  0  0  0  0  0  0
   -0.0141   -0.7697    0.0000 Cl  0  0  0  0  0  0  0  0  0  0  0  0
   -0.8109   -0.1583    0.0000 C   0  0  0  0  0  0  0  0  0  0  0  0
  1  2  1  0      
  1  3  1  0      
  1  4  1  1      
  1  5  1  0      
M  END');
 mol_from_ctab  
----------------
 C[C@](F)(Cl)Br
(1 row)

select all_values_lt(torsion_fp('c1ccccc1C'::mol),2);
 all_values_lt 
---------------
 f
(1 row)

select all_values_lt(torsion_fp('c1ccccc1C'::mol),3);
 all_values_lt 
---------------
 t
(1 row)

select all_values_gt(torsion_fp('c1ccccc1C'::mol),1);
 all_values_gt 
---------------
 t
(1 row)

select all_values_gt(torsion_fp('c1ccccc1C'::mol),2);
 all_values_gt 
---------------
 f
(1 row)

